[www.incipit.com.br/index.html]
[backblue.gif]
[fade.gif]
[index.html]
[www.incipit.com.br/assets/css/bootstrap.min.css]
[www.incipit.com.br/assets/css/jquery.fullPage.css]
[maxcdn.bootstrapcdn.com/font-awesome/4.5.0/css/font-awesome.min.css]
[www.incipit.com.br/assets/css/style.css]
[www.incipit.com.br/assets/images/zero13.jpg]
[www.incipit.com.br/assets/images/escoladireta.jpg]
[www.incipit.com.br/assets/images/wemex.jpg]
[www.incipit.com.br/assets/images/boats.jpg]
[www.incipit.com.br/assets/images/coach.jpg]
[www.incipit.com.br/assets/images/zero13-small.jpg]
[www.incipit.com.br/assets/images/escoladireta-small.jpg]
[www.incipit.com.br/assets/images/wemex-small.jpg]
[www.incipit.com.br/assets/images/boats-small.jpg]
[www.incipit.com.br/assets/images/coach-small.jpg]
[www.incipit.com.br/assets/images/screen-zero13.jpg]
[www.incipit.com.br/assets/images/screen-escoladireta.jpg]
[www.incipit.com.br/assets/images/screen-wemex.jpg]
[www.incipit.com.br/assets/images/screen-boats.jpg]
[www.incipit.com.br/assets/images/screen-coach.jpg]
[www.incipit.com.br/modal-investidor]
[www.incipit.com.br/modal-startup]
[www.incipit.com.br/index.html]
[www.incipit.com.br/assets/js/scripts.js]
[www.incipit.com.br/assets/fonts/glyphicons-halflings-regular.eot]
[www.incipit.com.br/assets/fonts/glyphicons-halflings-regulard41d.eot]
[www.incipit.com.br/assets/fonts/glyphicons-halflings-regular.woff2]
[www.incipit.com.br/assets/fonts/glyphicons-halflings-regular.woff]
[www.incipit.com.br/assets/fonts/glyphicons-halflings-regular.ttf]
[www.incipit.com.br/assets/fonts/glyphicons-halflings-regular.svg]
[www.incipit.com.br/assets/css/bootstrap.min.css]
[maxcdn.bootstrapcdn.com/font-awesome/4.5.0/css/font-awesome.min.css]
[www.incipit.com.br/assets/css/jquery.fullPage.css]
[www.incipit.com.br/assets/js/jquery-3.1.0.min.js]
[www.incipit.com.br/assets/js/jquery.fullpage.js]
[www.incipit.com.br/assets/fonts/Geomanist-Regular.otf]
[www.incipit.com.br/assets/fonts/MavenPro-Medium.ttf]
[www.incipit.com.br/assets/images/bg-house.jpg]
[www.incipit.com.br/assets/css/style.css]
[www.incipit.com.br/assets/fonts/geomanist-regular-webfont.woff2]
[www.incipit.com.br/modal-investidor.html]
[www.incipit.com.br/modal-startup.html]
[www.incipit.com.br/assets/fonts/glyphicons-halflings-regular.html]
[www.incipit.com.br/assets/fonts/glyphicons-halflings-regulard41d.html]
[www.incipit.com.br/assets/fonts/glyphicons-halflings-regular-2.html]
[www.incipit.com.br/assets/fonts/glyphicons-halflings-regular-3.html]
[www.incipit.com.br/assets/fonts/glyphicons-halflings-regular-4.html]
[www.incipit.com.br/assets/fonts/glyphicons-halflings-regular-5.html]
